execute	Set up job	﻿2026-09-26T07:57:30.9185686Z Current runner version: '2.337.0'
execute	Set up job	2026-09-26T07:57:30.9209172Z ##[group]Runner Image Provisioner
execute	Set up job	2026-09-26T07:57:30.9210193Z Hosted Compute Agent
execute	Set up job	2026-09-26T07:57:30.9211026Z Version: 20260828.587
execute	Set up job	2026-09-26T07:57:30.9212028Z Commit: abac92662cab4cc7352de4f9f9d2e2419aad9c29
execute	Set up job	2026-09-26T07:57:30.9212930Z Build Date: 2026-08-28T16:44:25Z
execute	Set up job	2026-09-26T07:57:30.9213787Z Worker ID: {3841d290-561b-4168-8163-fc23f4f77141}
execute	Set up job	2026-09-26T07:57:30.9214582Z Azure Region: eastus
execute	Set up job	2026-09-26T07:57:30.9215465Z ##[endgroup]
execute	Set up job	2026-09-26T07:57:30.9217092Z ##[group]Operating System
execute	Set up job	2026-09-26T07:57:30.9217835Z Ubuntu
execute	Set up job	2026-09-26T07:57:30.9218528Z 24.04.5
execute	Set up job	2026-09-26T07:57:30.9219261Z LTS
execute	Set up job	2026-09-26T07:57:30.9219919Z ##[endgroup]
execute	Set up job	2026-09-26T07:57:30.9220638Z ##[group]Runner Image
execute	Set up job	2026-09-26T07:57:30.9221416Z Image: ubuntu-24.04
execute	Set up job	2026-09-26T07:57:30.9222255Z Version: 20260920.314.1
execute	Set up job	2026-09-26T07:57:30.9223373Z Included Software: https://github.com/actions/runner-images/blob/ubuntu24/20260920.314/images/ubuntu/Ubuntu2404-Readme.md
execute	Set up job	2026-09-26T07:57:30.9225070Z Image Release: https://github.com/actions/runner-images/releases/tag/ubuntu24%2F20260920.314
execute	Set up job	2026-09-26T07:57:30.9226046Z ##[endgroup]
execute	Set up job	2026-09-26T07:57:30.9227389Z ##[group]GITHUB_TOKEN Permissions
execute	Set up job	2026-09-26T07:57:30.9229382Z Contents: read
execute	Set up job	2026-09-26T07:57:30.9230103Z Metadata: read
execute	Set up job	2026-09-26T07:57:30.9230888Z Packages: read
execute	Set up job	2026-09-26T07:57:30.9231846Z ##[endgroup]
execute	Set up job	2026-09-26T07:57:30.9233885Z Secret source: Actions
execute	Set up job	2026-09-26T07:57:30.9235072Z Cache mode: write
execute	Set up job	2026-09-26T07:57:30.9236092Z Prepare workflow directory
execute	Set up job	2026-09-26T07:57:30.9650385Z Prepare all required actions
execute	Set up job	2026-09-26T07:57:30.9689213Z Getting action download info
execute	Set up job	2026-09-26T07:57:31.1618079Z Download action repository 'actions/checkout@v4' (SHA:11d5960a326750d5838078e36cf38b85af677262)
execute	Set up job	2026-09-26T07:57:31.2390295Z Download action repository 'azure/setup-kubectl@v4' (SHA:776406bce94f63e41d621b960d78ee25c8b76ede)
execute	Set up job	2026-09-26T07:57:31.4329714Z Download action repository 'azure/setup-helm@v4' (SHA:1a275c3b69536ee54be43f2070a358922e12c8d4)
execute	Set up job	2026-09-26T07:57:31.5816506Z Download action repository 'tailscale/github-action@v4' (SHA:d1b6cd204f8dceda5b3eaad7f1f767be390056cd)
execute	Set up job	2026-09-26T07:57:31.8709975Z Complete job name: execute
execute	Validate module	﻿2026-09-26T07:57:31.9722971Z ##[group]Run case "${MODULE_PATH}" in
execute	Validate module	2026-09-26T07:57:31.9724342Z ^[[36;1mcase "${MODULE_PATH}" in^[[0m
execute	Validate module	2026-09-26T07:57:31.9725678Z ^[[36;1m  .|duckdb|rustfs|maintenance|generator) ;;^[[0m
execute	Validate module	2026-09-26T07:57:31.9727673Z ^[[36;1m  *) echo "❌ Invalid module '${MODULE_PATH}' (allowed: all, duckdb, rustfs, maintenance, generator)" && exit 1 ;;^[[0m
execute	Validate module	2026-09-26T07:57:31.9729521Z ^[[36;1mesac^[[0m
execute	Validate module	2026-09-26T07:57:32.0729469Z shell: /usr/bin/bash -e {0}
execute	Validate module	2026-09-26T07:57:32.0730960Z env:
execute	Validate module	2026-09-26T07:57:32.0732175Z   MODULE_PATH: maintenance
execute	Validate module	2026-09-26T07:57:32.0733315Z   K8S_ACTION: trigger
execute	Validate module	2026-09-26T07:57:32.0734860Z   RUSTFS_ACCESS_KEY: ***
execute	Validate module	2026-09-26T07:57:32.0736050Z   RUSTFS_SECRET_KEY: ***
execute	Validate module	2026-09-26T07:57:32.0737191Z   DUCKFLIGHT_USER: ***
execute	Validate module	2026-09-26T07:57:32.0738346Z   DUCKFLIGHT_PASSWORD: ***
execute	Validate module	2026-09-26T07:57:32.0739513Z ##[endgroup]
execute	Run actions/checkout@v4	﻿2026-09-26T07:57:32.1278104Z ##[group]Run actions/checkout@v4
execute	Run actions/checkout@v4	2026-09-26T07:57:32.1279301Z with:
execute	Run actions/checkout@v4	2026-09-26T07:57:32.1280406Z   repository: daun-gatal/***
execute	Run actions/checkout@v4	2026-09-26T07:57:32.1286932Z   token: ***
execute	Run actions/checkout@v4	2026-09-26T07:57:32.1287969Z   ssh-strict: true
execute	Run actions/checkout@v4	2026-09-26T07:57:32.1289025Z   ssh-*** git
execute	Run actions/checkout@v4	2026-09-26T07:57:32.1290094Z   persist-credentials: true
execute	Run actions/checkout@v4	2026-09-26T07:57:32.1291204Z   clean: true
execute	Run actions/checkout@v4	2026-09-26T07:57:32.1292354Z   sparse-checkout-cone-mode: true
execute	Run actions/checkout@v4	2026-09-26T07:57:32.1293526Z   fetch-depth: 1
execute	Run actions/checkout@v4	2026-09-26T07:57:32.1294553Z   fetch-tags: false
execute	Run actions/checkout@v4	2026-09-26T07:57:32.1295624Z   show-progress: true
execute	Run actions/checkout@v4	2026-09-26T07:57:32.1296673Z   lfs: false
execute	Run actions/checkout@v4	2026-09-26T07:57:32.1297691Z   submodules: false
execute	Run actions/checkout@v4	2026-09-26T07:57:32.1298792Z   set-safe-directory: true
execute	Run actions/checkout@v4	2026-09-26T07:57:32.1299955Z   allow-unsafe-pr-checkout: false
execute	Run actions/checkout@v4	2026-09-26T07:57:32.1301093Z env:
execute	Run actions/checkout@v4	2026-09-26T07:57:32.1302238Z   MODULE_PATH: maintenance
execute	Run actions/checkout@v4	2026-09-26T07:57:32.1303354Z   K8S_ACTION: trigger
execute	Run actions/checkout@v4	2026-09-26T07:57:32.1304834Z   RUSTFS_ACCESS_KEY: ***
execute	Run actions/checkout@v4	2026-09-26T07:57:32.1305975Z   RUSTFS_SECRET_KEY: ***
execute	Run actions/checkout@v4	2026-09-26T07:57:32.1307140Z   DUCKFLIGHT_USER: ***
execute	Run actions/checkout@v4	2026-09-26T07:57:32.1308255Z   DUCKFLIGHT_PASSWORD: ***
execute	Run actions/checkout@v4	2026-09-26T07:57:32.1309349Z ##[endgroup]
execute	Run actions/checkout@v4	2026-09-26T07:57:32.2152133Z Syncing repository: daun-gatal/***
execute	Run actions/checkout@v4	2026-09-26T07:57:32.2155732Z ##[group]Getting Git version info
execute	Run actions/checkout@v4	2026-09-26T07:57:32.2157882Z Working directory is '/home/runner/work/***/***'
execute	Run actions/checkout@v4	2026-09-26T07:57:32.2160146Z [command]/usr/bin/git version
execute	Run actions/checkout@v4	2026-09-26T07:57:32.2333463Z git version 2.55.0
execute	Run actions/checkout@v4	2026-09-26T07:57:32.2341926Z ##[endgroup]
execute	Run actions/checkout@v4	2026-09-26T07:57:32.2356509Z Temporarily overriding HOME='/home/runner/work/_temp/2cdfe474-70f5-41e2-8662-9f7a4e6c0649' before making global git config changes
execute	Run actions/checkout@v4	2026-09-26T07:57:32.2360587Z Adding repository directory to the temporary git global config as a safe directory
execute	Run actions/checkout@v4	2026-09-26T07:57:32.2364405Z [command]/usr/bin/git config --global --add safe.directory /home/runner/work/***/***
execute	Run actions/checkout@v4	2026-09-26T07:57:32.2514248Z Deleting the contents of '/home/runner/work/***/***'
execute	Run actions/checkout@v4	2026-09-26T07:57:32.2519133Z ##[group]Initializing the repository
execute	Run actions/checkout@v4	2026-09-26T07:57:32.2521857Z [command]/usr/bin/git init /home/runner/work/***/***
execute	Run actions/checkout@v4	2026-09-26T07:57:32.3110051Z hint: Using 'master' as the name for the initial branch. This default branch name
execute	Run actions/checkout@v4	2026-09-26T07:57:32.3112984Z hint: will change to "main" in Git 3.0. To configure the initial branch name
execute	Run actions/checkout@v4	2026-09-26T07:57:32.3115811Z hint: to use in all of your new repositories, which will suppress this warning,
execute	Run actions/checkout@v4	2026-09-26T07:57:32.3117860Z hint: call:
execute	Run actions/checkout@v4	2026-09-26T07:57:32.3118980Z hint:
execute	Run actions/checkout@v4	2026-09-26T07:57:32.3120601Z hint: 	git config --global init.defaultBranch <name>
execute	Run actions/checkout@v4	2026-09-26T07:57:32.3122174Z hint:
execute	Run actions/checkout@v4	2026-09-26T07:57:32.3123701Z hint: Names commonly chosen instead of 'master' are 'main', 'trunk' and
execute	Run actions/checkout@v4	2026-09-26T07:57:32.3125840Z hint: 'development'. The just-created branch can be renamed via this command:
execute	Run actions/checkout@v4	2026-09-26T07:57:32.3127450Z hint:
execute	Run actions/checkout@v4	2026-09-26T07:57:32.3128608Z hint: 	git branch -m <name>
execute	Run actions/checkout@v4	2026-09-26T07:57:32.3129855Z hint:
execute	Run actions/checkout@v4	2026-09-26T07:57:32.3131429Z hint: Disable this message with "git config set advice.defaultBranchName false"
execute	Run actions/checkout@v4	2026-09-26T07:57:32.3133985Z Initialized empty Git repository in /home/runner/work/***/***/.git/
execute	Run actions/checkout@v4	2026-09-26T07:57:32.3137609Z [command]/usr/bin/git remote add origin https://github.com/daun-gatal/***
execute	Run actions/checkout@v4	2026-09-26T07:57:32.3514996Z ##[endgroup]
execute	Run actions/checkout@v4	2026-09-26T07:57:32.3517803Z ##[group]Disabling automatic garbage collection
execute	Run actions/checkout@v4	2026-09-26T07:57:32.3519901Z [command]/usr/bin/git config --local gc.auto 0
execute	Run actions/checkout@v4	2026-09-26T07:57:32.3910399Z ##[endgroup]
execute	Run actions/checkout@v4	2026-09-26T07:57:32.3913098Z ##[group]Setting up auth
execute	Run actions/checkout@v4	2026-09-26T07:57:32.3915561Z [command]/usr/bin/git config --local --name-only --get-regexp core\.sshCommand
execute	Run actions/checkout@v4	2026-09-26T07:57:32.3947125Z [command]/usr/bin/git submodule foreach --recursive sh -c "git config --local --name-only --get-regexp 'core\.sshCommand' && git config --local --unset-all 'core.sshCommand' || :"
execute	Run actions/checkout@v4	2026-09-26T07:57:32.4486415Z [command]/usr/bin/git config --local --name-only --get-regexp http\.https\:\/\/github\.com\/\.extraheader
execute	Run actions/checkout@v4	2026-09-26T07:57:32.4518985Z [command]/usr/bin/git submodule foreach --recursive sh -c "git config --local --name-only --get-regexp 'http\.https\:\/\/github\.com\/\.extraheader' && git config --local --unset-all 'http.https://github.com/.extraheader' || :"
execute	Run actions/checkout@v4	2026-09-26T07:57:32.4711685Z [command]/usr/bin/git config --local --name-only --get-regexp ^includeIf\.gitdir:
execute	Run actions/checkout@v4	2026-09-26T07:57:32.4740538Z [command]/usr/bin/git submodule foreach --recursive git config --local --show-origin --name-only --get-regexp remote.origin.url
execute	Run actions/checkout@v4	2026-09-26T07:57:32.4928031Z [command]/usr/bin/git config --local http.https://github.com/.extraheader AUTHORIZATION: basic ***
execute	Run actions/checkout@v4	2026-09-26T07:57:32.5203405Z ##[endgroup]
execute	Run actions/checkout@v4	2026-09-26T07:57:32.5205155Z ##[group]Fetching the repository
execute	Run actions/checkout@v4	2026-09-26T07:57:32.5212027Z [command]/usr/bin/git -c protocol.version=2 fetch --no-tags --prune --no-recurse-submodules --depth=1 origin +2747b129af28fe7e6a784edd425380dca9f5e454:refs/remotes/origin/master
execute	Run actions/checkout@v4	2026-09-26T07:57:32.7665637Z From https://github.com/daun-gatal/***
execute	Run actions/checkout@v4	2026-09-26T07:57:32.7667009Z  * [new ref]         2747b129af28fe7e6a784edd425380dca9f5e454 -> origin/master
execute	Run actions/checkout@v4	2026-09-26T07:57:32.7669848Z ##[endgroup]
execute	Run actions/checkout@v4	2026-09-26T07:57:32.7670702Z ##[group]Determining the checkout info
execute	Run actions/checkout@v4	2026-09-26T07:57:32.7671794Z ##[endgroup]
execute	Run actions/checkout@v4	2026-09-26T07:57:32.7676949Z [command]/usr/bin/git sparse-checkout disable
execute	Run actions/checkout@v4	2026-09-26T07:57:32.7897044Z [command]/usr/bin/git config --local --unset-all extensions.worktreeConfig
execute	Run actions/checkout@v4	2026-09-26T07:57:32.7997544Z ##[group]Checking out the ref
execute	Run actions/checkout@v4	2026-09-26T07:57:32.8001843Z [command]/usr/bin/git checkout --progress --force -B master refs/remotes/origin/master
execute	Run actions/checkout@v4	2026-09-26T07:57:32.8489481Z Reset branch 'master'
execute	Run actions/checkout@v4	2026-09-26T07:57:32.8493887Z branch 'master' set up to track 'origin/master'.
execute	Run actions/checkout@v4	2026-09-26T07:57:32.8500507Z ##[endgroup]
execute	Run actions/checkout@v4	2026-09-26T07:57:32.8540498Z [command]/usr/bin/git log -1 --format=%H
execute	Run actions/checkout@v4	2026-09-26T07:57:32.8562934Z 2747b129af28fe7e6a784edd425380dca9f5e454
execute	Setup kubectl	﻿2026-09-26T07:57:32.8697369Z ##[group]Run azure/setup-kubectl@v4
execute	Setup kubectl	2026-09-26T07:57:32.8697743Z with:
execute	Setup kubectl	2026-09-26T07:57:32.8698040Z   version: v1.30.0
execute	Setup kubectl	2026-09-26T07:57:32.8698326Z env:
execute	Setup kubectl	2026-09-26T07:57:32.8698612Z   MODULE_PATH: maintenance
execute	Setup kubectl	2026-09-26T07:57:32.8698932Z   K8S_ACTION: trigger
execute	Setup kubectl	2026-09-26T07:57:32.8699346Z   RUSTFS_ACCESS_KEY: ***
execute	Setup kubectl	2026-09-26T07:57:32.8699687Z   RUSTFS_SECRET_KEY: ***
execute	Setup kubectl	2026-09-26T07:57:32.8700025Z   DUCKFLIGHT_USER: ***
execute	Setup kubectl	2026-09-26T07:57:32.8700361Z   DUCKFLIGHT_PASSWORD: ***
execute	Setup kubectl	2026-09-26T07:57:32.8700676Z ##[endgroup]
execute	Setup Helm	﻿2026-09-26T07:57:33.4219168Z ##[group]Run azure/setup-helm@v4
execute	Setup Helm	2026-09-26T07:57:33.4219562Z with:
execute	Setup Helm	2026-09-26T07:57:33.4219872Z   version: v3.14.4
execute	Setup Helm	2026-09-26T07:57:33.4222031Z   token: ***
execute	Setup Helm	2026-09-26T07:57:33.4222383Z   downloadBaseURL: https://get.helm.sh
execute	Setup Helm	2026-09-26T07:57:33.4222735Z env:
execute	Setup Helm	2026-09-26T07:57:33.4223041Z   MODULE_PATH: maintenance
execute	Setup Helm	2026-09-26T07:57:33.4223376Z   K8S_ACTION: trigger
execute	Setup Helm	2026-09-26T07:57:33.4223715Z   RUSTFS_ACCESS_KEY: ***
execute	Setup Helm	2026-09-26T07:57:33.4224063Z   RUSTFS_SECRET_KEY: ***
execute	Setup Helm	2026-09-26T07:57:33.4224414Z   DUCKFLIGHT_USER: ***
execute	Setup Helm	2026-09-26T07:57:33.4224754Z   DUCKFLIGHT_PASSWORD: ***
execute	Setup Helm	2026-09-26T07:57:33.4225070Z ##[endgroup]
execute	Setup Helm	2026-09-26T07:57:33.4764637Z ##[group]Installing v3.14.4
execute	Setup Helm	2026-09-26T07:57:33.4771726Z Downloading 'v3.14.4' from 'https://get.helm.sh'
execute	Setup Helm	2026-09-26T07:57:33.5905934Z [command]/usr/bin/tar xz --warning=no-unknown-keyword --overwrite -C /home/runner/work/_temp/03b913b1-ebab-4261-8089-75e1568ed16e -f /home/runner/work/_temp/5f0dd245-51b2-4387-bed1-fe5cc3bd57e1
execute	Setup Helm	2026-09-26T07:57:34.3323537Z ##[endgroup]
execute	Setup Helm	2026-09-26T07:57:34.3324410Z Helm tool version 'v3.14.4' has been cached at /opt/hostedtoolcache/helm/3.14.4/x64/linux-amd64/helm
execute	Setup Tailscale	﻿2026-09-26T07:57:34.4514354Z ##[group]Run tailscale/github-action@v4
execute	Setup Tailscale	2026-09-26T07:57:34.4514711Z with:
execute	Setup Tailscale	2026-09-26T07:57:34.4515202Z   oauth-client-id: ***
execute	Setup Tailscale	2026-09-26T07:57:34.4515643Z   oauth-secret: ***
execute	Setup Tailscale	2026-09-26T07:57:34.4515907Z   tags: tag:git
execute	Setup Tailscale	2026-09-26T07:57:34.4516163Z   version: 1.94.2
execute	Setup Tailscale	2026-09-26T07:57:34.4516412Z   timeout: 2m
execute	Setup Tailscale	2026-09-26T07:57:34.4516647Z   retry: 5
execute	Setup Tailscale	2026-09-26T07:57:34.4516909Z   use-cache: true
execute	Setup Tailscale	2026-09-26T07:57:34.4517164Z   log-mode: grouped
execute	Setup Tailscale	2026-09-26T07:57:34.4517409Z env:
execute	Setup Tailscale	2026-09-26T07:57:34.4517662Z   MODULE_PATH: maintenance
execute	Setup Tailscale	2026-09-26T07:57:34.4517943Z   K8S_ACTION: trigger
execute	Setup Tailscale	2026-09-26T07:57:34.4518257Z   RUSTFS_ACCESS_KEY: ***
execute	Setup Tailscale	2026-09-26T07:57:34.4518554Z   RUSTFS_SECRET_KEY: ***
execute	Setup Tailscale	2026-09-26T07:57:34.4518827Z   DUCKFLIGHT_USER: ***
execute	Setup Tailscale	2026-09-26T07:57:34.4519107Z   DUCKFLIGHT_PASSWORD: ***
execute	Setup Tailscale	2026-09-26T07:57:34.4519375Z ##[endgroup]
execute	Setup Tailscale	2026-09-26T07:57:34.5515259Z ##[group]Resolving Tailscale version
execute	Setup Tailscale	2026-09-26T07:57:34.5515947Z Resolved Tailscale version: 1.94.2
execute	Setup Tailscale	2026-09-26T07:57:34.5516981Z ##[endgroup]
execute	Setup Tailscale	2026-09-26T07:57:34.5517764Z ##[group]Installing Tailscale
execute	Setup Tailscale	2026-09-26T07:57:34.6132583Z Cache hit for: action-setup-tailscale/1.94.2/Linux-amd64
execute	Setup Tailscale	2026-09-26T07:57:34.8544892Z Received 34760009 of 34760009 (100.0%), 161.7 MBs/sec
execute	Setup Tailscale	2026-09-26T07:57:34.8545564Z Cache Size: ~33 MB (34760009 B)
execute	Setup Tailscale	2026-09-26T07:57:34.8574037Z [command]/usr/bin/tar -xf /home/runner/work/_temp/81081050-a81d-4f94-8b69-c004d810337a/cache.tzst -P -C /home/runner/work/***/*** --use-compress-program unzstd
execute	Setup Tailscale	2026-09-26T07:57:34.9471248Z Cache restored successfully
execute	Setup Tailscale	2026-09-26T07:57:34.9487030Z Found Tailscale 1.94.2 in cache: /opt/hostedtoolcache/tailscale/1.94.2/Linux-amd64
execute	Setup Tailscale	2026-09-26T07:57:34.9489714Z ▶️ copy tailscale from cache
execute	Setup Tailscale	2026-09-26T07:57:34.9684839Z ▶️ copy tailscaled from cache
execute	Setup Tailscale	2026-09-26T07:57:34.9880492Z ▶️ chmod tailscale
execute	Setup Tailscale	2026-09-26T07:57:34.9974134Z ▶️ chmod tailscaled
execute	Setup Tailscale	2026-09-26T07:57:35.0069388Z ##[endgroup]
execute	Setup Tailscale	2026-09-26T07:57:35.0069891Z ##[group]Starting tailscaled
execute	Setup Tailscale	2026-09-26T07:57:35.0070561Z Starting tailscaled daemon...
execute	Setup Tailscale	2026-09-26T07:57:35.0097881Z Waiting for tailscaled daemon to become ready...
execute	Setup Tailscale	2026-09-26T07:57:35.0098692Z ▶️ get tailscale status
execute	Setup Tailscale	2026-09-26T07:57:35.2688971Z Daemon ready! Initial state: NeedsLogin
execute	Setup Tailscale	2026-09-26T07:57:35.2689888Z ✅ tailscaled daemon is up and running!
execute	Setup Tailscale	2026-09-26T07:57:35.2690467Z ##[endgroup]
execute	Setup Tailscale	2026-09-26T07:57:35.2690906Z ##[group]Connecting to Tailscale
execute	Setup Tailscale	2026-09-26T07:57:35.2691466Z ▶️ hostname
execute	Setup Tailscale	2026-09-26T07:57:35.2732045Z Attempt 1 to bring up Tailscale...
execute	Setup Tailscale	2026-09-26T07:57:35.2733197Z ▶️ tailscale up
execute	Setup Tailscale	2026-09-26T07:57:36.6581430Z ✅ Tailscale up command completed successfully on attempt 1
execute	Setup Tailscale	2026-09-26T07:57:36.6582604Z ##[endgroup]
execute	Setup Tailscale	2026-09-26T07:57:36.6583221Z ##[group]Checking Tailscale status
execute	Setup Tailscale	2026-09-26T07:57:36.6583839Z ▶️ get tailscale status
execute	Setup Tailscale	2026-09-26T07:57:36.6663126Z ✅ Tailscale is running and connected!
execute	Setup Tailscale	2026-09-26T07:57:36.6663996Z ##[endgroup]
execute	Write Kubeconfig	﻿2026-09-26T07:57:36.6816058Z ##[group]Run mkdir -p ~/.kube
execute	Write Kubeconfig	2026-09-26T07:57:36.6816453Z ^[[36;1mmkdir -p ~/.kube^[[0m
execute	Write Kubeconfig	2026-09-26T07:57:36.6816771Z ^[[36;1m# use printf to preserve multiline YAML exactly^[[0m
execute	Write Kubeconfig	2026-09-26T07:57:36.6817201Z ^[[36;1mprintf '%s' "***^[[0m
execute	Write Kubeconfig	2026-09-26T07:57:36.6817517Z ^[[36;1m***^[[0m
execute	Write Kubeconfig	2026-09-26T07:57:36.6817798Z ^[[36;1m***^[[0m
execute	Write Kubeconfig	2026-09-26T07:57:36.6823878Z ^[[36;1m    ***^[[0m
execute	Write Kubeconfig	2026-09-26T07:57:36.6824227Z ^[[36;1m    ***^[[0m
execute	Write Kubeconfig	2026-09-26T07:57:36.6824485Z ^[[36;1m  ***^[[0m
execute	Write Kubeconfig	2026-09-26T07:57:36.6824767Z ^[[36;1m***^[[0m
execute	Write Kubeconfig	2026-09-26T07:57:36.6825024Z ^[[36;1m***^[[0m
execute	Write Kubeconfig	2026-09-26T07:57:36.6825288Z ^[[36;1m    ***^[[0m
execute	Write Kubeconfig	2026-09-26T07:57:36.6825579Z ^[[36;1m    ***^[[0m
execute	Write Kubeconfig	2026-09-26T07:57:36.6825844Z ^[[36;1m  ***^[[0m
execute	Write Kubeconfig	2026-09-26T07:57:36.6826118Z ^[[36;1m***^[[0m
execute	Write Kubeconfig	2026-09-26T07:57:36.6826377Z ^[[36;1m***^[[0m
execute	Write Kubeconfig	2026-09-26T07:57:36.6826625Z ^[[36;1m***^[[0m
execute	Write Kubeconfig	2026-09-26T07:57:36.6826903Z ^[[36;1m***^[[0m
execute	Write Kubeconfig	2026-09-26T07:57:36.6827144Z ^[[36;1m  ***^[[0m
execute	Write Kubeconfig	2026-09-26T07:57:36.6847043Z ^[[36;1m    ***^[[0m
execute	Write Kubeconfig	2026-09-26T07:57:36.6848760Z ^[[36;1m    ***" > ~/.kube/config^[[0m
execute	Write Kubeconfig	2026-09-26T07:57:36.6849095Z ^[[36;1mchmod 600 ~/.kube/config^[[0m
execute	Write Kubeconfig	2026-09-26T07:57:36.6849413Z ^[[36;1mif ! grep -q "server:" ~/.kube/config; then^[[0m
execute	Write Kubeconfig	2026-09-26T07:57:36.6849858Z ^[[36;1m  echo "❌ KUBECONFIG secret empty or invalid — check GitHub Secrets KUBECONFIG"^[[0m
execute	Write Kubeconfig	2026-09-26T07:57:36.6850297Z ^[[36;1m  ls -lh ~/.kube/config^[[0m
execute	Write Kubeconfig	2026-09-26T07:57:36.6850601Z ^[[36;1m  wc -l ~/.kube/config || true^[[0m
execute	Write Kubeconfig	2026-09-26T07:57:36.6850901Z ^[[36;1m  exit 1^[[0m
execute	Write Kubeconfig	2026-09-26T07:57:36.6851165Z ^[[36;1mfi^[[0m
execute	Write Kubeconfig	2026-09-26T07:57:36.6851427Z ^[[36;1mecho "Kubeconfig server:"^[[0m
execute	Write Kubeconfig	2026-09-26T07:57:36.6851846Z ^[[36;1mgrep -E "server:" ~/.kube/config || true^[[0m
execute	Write Kubeconfig	2026-09-26T07:57:36.6852193Z ^[[36;1m# export for this and next steps^[[0m
execute	Write Kubeconfig	2026-09-26T07:57:36.6852549Z ^[[36;1mecho "KUBECONFIG=$HOME/.kube/config" >> $GITHUB_ENV^[[0m
execute	Write Kubeconfig	2026-09-26T07:57:36.6852924Z ^[[36;1mexport KUBECONFIG=$HOME/.kube/config^[[0m
execute	Write Kubeconfig	2026-09-26T07:57:36.6853249Z ^[[36;1mkubectl cluster-info || true^[[0m
execute	Write Kubeconfig	2026-09-26T07:57:36.6853817Z ^[[36;1mkubectl get ns *** || echo "Namespace *** not found (will be created if namespace.yaml included)"^[[0m
execute	Write Kubeconfig	2026-09-26T07:57:36.6909431Z shell: /usr/bin/bash -e {0}
execute	Write Kubeconfig	2026-09-26T07:57:36.6909723Z env:
execute	Write Kubeconfig	2026-09-26T07:57:36.6909981Z   MODULE_PATH: maintenance
execute	Write Kubeconfig	2026-09-26T07:57:36.6910259Z   K8S_ACTION: trigger
execute	Write Kubeconfig	2026-09-26T07:57:36.6910617Z   RUSTFS_ACCESS_KEY: ***
execute	Write Kubeconfig	2026-09-26T07:57:36.6910909Z   RUSTFS_SECRET_KEY: ***
execute	Write Kubeconfig	2026-09-26T07:57:36.6911189Z   DUCKFLIGHT_USER: ***
execute	Write Kubeconfig	2026-09-26T07:57:36.6911474Z   DUCKFLIGHT_PASSWORD: ***
execute	Write Kubeconfig	2026-09-26T07:57:36.6912026Z ##[endgroup]
execute	Write Kubeconfig	2026-09-26T07:57:36.7015550Z Kubeconfig server:
execute	Write Kubeconfig	2026-09-26T07:57:36.7025042Z     ***
execute	Write Kubeconfig	2026-09-26T07:57:39.0510931Z ^[[0;32mKubernetes control plane^[[0m is running at ^[[0;33mhttps://100.67.79.243:6443^[[0m
execute	Write Kubeconfig	2026-09-26T07:57:39.0512050Z ^[[0;32mCoreDNS^[[0m is running at ^[[0;33mhttps://100.67.79.243:6443/api/v1/namespaces/kube-system/services/kube-dns:dns/proxy^[[0m
execute	Write Kubeconfig	2026-09-26T07:57:39.0512904Z ^[[0;32mMetrics-server^[[0m is running at ^[[0;33mhttps://100.67.79.243:6443/api/v1/namespaces/kube-system/services/https:metrics-server:https/proxy^[[0m
execute	Write Kubeconfig	2026-09-26T07:57:39.0513381Z 
execute	Write Kubeconfig	2026-09-26T07:57:39.0513614Z To further debug and diagnose cluster problems, use 'kubectl cluster-info dump'.
execute	Write Kubeconfig	2026-09-26T07:57:39.8043709Z NAME        STATUS   AGE
execute	Write Kubeconfig	2026-09-26T07:57:39.8044423Z ***   Active   31h
execute	Ensure Namespaces	﻿2026-09-26T07:57:39.8099684Z ##[group]Run for NS in *** rustfs; do
execute	Ensure Namespaces	2026-09-26T07:57:39.8100050Z ^[[36;1mfor NS in *** rustfs; do^[[0m
execute	Ensure Namespaces	2026-09-26T07:57:39.8100365Z ^[[36;1m  echo "→ ensuring namespace/$NS"^[[0m
execute	Ensure Namespaces	2026-09-26T07:57:39.8100821Z ^[[36;1m  kubectl create namespace "$NS" --dry-run=client -o yaml | kubectl apply -f -^[[0m
execute	Ensure Namespaces	2026-09-26T07:57:39.8101231Z ^[[36;1mdone^[[0m
execute	Ensure Namespaces	2026-09-26T07:57:39.8156413Z shell: /usr/bin/bash -e {0}
execute	Ensure Namespaces	2026-09-26T07:57:39.8156709Z env:
execute	Ensure Namespaces	2026-09-26T07:57:39.8156965Z   MODULE_PATH: maintenance
execute	Ensure Namespaces	2026-09-26T07:57:39.8157246Z   K8S_ACTION: trigger
execute	Ensure Namespaces	2026-09-26T07:57:39.8157533Z   RUSTFS_ACCESS_KEY: ***
execute	Ensure Namespaces	2026-09-26T07:57:39.8157825Z   RUSTFS_SECRET_KEY: ***
execute	Ensure Namespaces	2026-09-26T07:57:39.8158102Z   DUCKFLIGHT_USER: ***
execute	Ensure Namespaces	2026-09-26T07:57:39.8158393Z   DUCKFLIGHT_PASSWORD: ***
execute	Ensure Namespaces	2026-09-26T07:57:39.8158676Z   KUBECONFIG: /home/runner/.kube/config
execute	Ensure Namespaces	2026-09-26T07:57:39.8158980Z ##[endgroup]
execute	Ensure Namespaces	2026-09-26T07:57:39.8228019Z → ensuring namespace/***
execute	Ensure Namespaces	2026-09-26T07:57:44.6154765Z namespace/*** configured
execute	Ensure Namespaces	2026-09-26T07:57:44.6164569Z → ensuring namespace/rustfs
execute	Ensure Namespaces	2026-09-26T07:57:46.2536952Z namespace/rustfs configured
execute	Create Secrets from GitHub Secrets	﻿2026-09-26T07:57:46.3206751Z ##[group]Run kubectl create secret generic rustfs-credentials -n rustfs \
execute	Create Secrets from GitHub Secrets	2026-09-26T07:57:46.3207349Z ^[[36;1mkubectl create secret generic rustfs-credentials -n rustfs \^[[0m
execute	Create Secrets from GitHub Secrets	2026-09-26T07:57:46.3207801Z ^[[36;1m  --from-literal=RUSTFS_ACCESS_KEY="${RUSTFS_ACCESS_KEY}" \^[[0m
execute	Create Secrets from GitHub Secrets	2026-09-26T07:57:46.3208215Z ^[[36;1m  --from-literal=RUSTFS_SECRET_KEY="${RUSTFS_SECRET_KEY}" \^[[0m
execute	Create Secrets from GitHub Secrets	2026-09-26T07:57:46.3208604Z ^[[36;1m  --dry-run=client -o yaml | kubectl apply -f -^[[0m
execute	Create Secrets from GitHub Secrets	2026-09-26T07:57:46.3209071Z ^[[36;1mkubectl create secret generic rustfs-credentials -n *** \^[[0m
execute	Create Secrets from GitHub Secrets	2026-09-26T07:57:46.3209501Z ^[[36;1m  --from-literal=RUSTFS_ACCESS_KEY="${RUSTFS_ACCESS_KEY}" \^[[0m
execute	Create Secrets from GitHub Secrets	2026-09-26T07:57:46.3209909Z ^[[36;1m  --from-literal=RUSTFS_SECRET_KEY="${RUSTFS_SECRET_KEY}" \^[[0m
execute	Create Secrets from GitHub Secrets	2026-09-26T07:57:46.3210296Z ^[[36;1m  --dry-run=client -o yaml | kubectl apply -f -^[[0m
execute	Create Secrets from GitHub Secrets	2026-09-26T07:57:46.3210717Z ^[[36;1mkubectl create secret generic duckflight-auth -n *** \^[[0m
execute	Create Secrets from GitHub Secrets	2026-09-26T07:57:46.3211119Z ^[[36;1m  --from-literal=username="${DUCKFLIGHT_USER}" \^[[0m
execute	Create Secrets from GitHub Secrets	2026-09-26T07:57:46.3211807Z ^[[36;1m  --from-literal=*** \^[[0m
execute	Create Secrets from GitHub Secrets	2026-09-26T07:57:46.3212150Z ^[[36;1m  --dry-run=client -o yaml | kubectl apply -f -^[[0m
execute	Create Secrets from GitHub Secrets	2026-09-26T07:57:46.3267448Z shell: /usr/bin/bash -e {0}
execute	Create Secrets from GitHub Secrets	2026-09-26T07:57:46.3267733Z env:
execute	Create Secrets from GitHub Secrets	2026-09-26T07:57:46.3267993Z   MODULE_PATH: maintenance
execute	Create Secrets from GitHub Secrets	2026-09-26T07:57:46.3268273Z   K8S_ACTION: trigger
execute	Create Secrets from GitHub Secrets	2026-09-26T07:57:46.3268564Z   RUSTFS_ACCESS_KEY: ***
execute	Create Secrets from GitHub Secrets	2026-09-26T07:57:46.3268851Z   RUSTFS_SECRET_KEY: ***
execute	Create Secrets from GitHub Secrets	2026-09-26T07:57:46.3269123Z   DUCKFLIGHT_USER: ***
execute	Create Secrets from GitHub Secrets	2026-09-26T07:57:46.3269399Z   DUCKFLIGHT_PASSWORD: ***
execute	Create Secrets from GitHub Secrets	2026-09-26T07:57:46.3269679Z   KUBECONFIG: /home/runner/.kube/config
execute	Create Secrets from GitHub Secrets	2026-09-26T07:57:46.3270076Z ##[endgroup]
execute	Create Secrets from GitHub Secrets	2026-09-26T07:57:48.3229675Z secret/rustfs-credentials configured
execute	Create Secrets from GitHub Secrets	2026-09-26T07:57:50.1970913Z secret/rustfs-credentials configured
execute	Create Secrets from GitHub Secrets	2026-09-26T07:57:52.0792770Z secret/duckflight-auth configured
execute	Kustomize Build	﻿2026-09-26T07:57:52.0842891Z ##[group]Run echo "▶ Building ${MODULE_PATH}"
execute	Kustomize Build	2026-09-26T07:57:52.0843280Z ^[[36;1mecho "▶ Building ${MODULE_PATH}"^[[0m
execute	Kustomize Build	2026-09-26T07:57:52.0843743Z ^[[36;1m# --enable-helm is required: rustfs/ inflates the rustfs helm chart via the helm binary^[[0m
execute	Kustomize Build	2026-09-26T07:57:52.0844431Z ^[[36;1mkubectl kustomize --enable-helm "${MODULE_PATH}" > /tmp/built.yaml^[[0m
execute	Kustomize Build	2026-09-26T07:57:52.0844892Z ^[[36;1mecho "Built $(grep -c "^kind:" /tmp/built.yaml) resources"^[[0m
execute	Kustomize Build	2026-09-26T07:57:52.0845260Z ^[[36;1mhead -n 80 /tmp/built.yaml^[[0m
execute	Kustomize Build	2026-09-26T07:57:52.0899766Z shell: /usr/bin/bash -e {0}
execute	Kustomize Build	2026-09-26T07:57:52.0900063Z env:
execute	Kustomize Build	2026-09-26T07:57:52.0900322Z   MODULE_PATH: maintenance
execute	Kustomize Build	2026-09-26T07:57:52.0900607Z   K8S_ACTION: trigger
execute	Kustomize Build	2026-09-26T07:57:52.0900909Z   RUSTFS_ACCESS_KEY: ***
execute	Kustomize Build	2026-09-26T07:57:52.0901201Z   RUSTFS_SECRET_KEY: ***
execute	Kustomize Build	2026-09-26T07:57:52.0901484Z   DUCKFLIGHT_USER: ***
execute	Kustomize Build	2026-09-26T07:57:52.0901859Z   DUCKFLIGHT_PASSWORD: ***
execute	Kustomize Build	2026-09-26T07:57:52.0902139Z   KUBECONFIG: /home/runner/.kube/config
execute	Kustomize Build	2026-09-26T07:57:52.0902473Z ##[endgroup]
execute	Kustomize Build	2026-09-26T07:57:52.2022459Z ▶ Building maintenance
execute	Kustomize Build	2026-09-26T07:57:52.2384741Z Built 2 resources
execute	Kustomize Build	2026-09-26T07:57:52.2392324Z ***
execute	Kustomize Build	2026-09-26T07:57:52.2392679Z data:
execute	Kustomize Build	2026-09-26T07:57:52.2393038Z   MAINT_ORPHAN_MIN_AGE: 72h
execute	Kustomize Build	2026-09-26T07:57:52.2393456Z   MAINT_RETAIN_LAST: "10"
execute	Kustomize Build	2026-09-26T07:57:52.2393865Z   MAINT_SNAPSHOT_MAX_AGE: 7d
execute	Kustomize Build	2026-09-26T07:57:52.2394292Z   MAINT_TARGET_FILE_SIZE: 512MB
execute	Kustomize Build	2026-09-26T07:57:52.2394713Z   log4j2-wire.properties: |
execute	Kustomize Build	2026-09-26T07:57:52.2395112Z     status = error
execute	Kustomize Build	2026-09-26T07:57:52.2395486Z     dest = out
execute	Kustomize Build	2026-09-26T07:57:52.2395847Z     name = maintenance-wire
execute	Kustomize Build	2026-09-26T07:57:52.2396019Z 
execute	Kustomize Build	2026-09-26T07:57:52.2396156Z     appender.console.type = Console
execute	Kustomize Build	2026-09-26T07:57:52.2396542Z     appender.console.name = console
execute	Kustomize Build	2026-09-26T07:57:52.2396940Z     appender.console.layout.type = PatternLayout
execute	Kustomize Build	2026-09-26T07:57:52.2397393Z     appender.console.layout.pattern = %d{yy/MM/dd HH:mm:ss} %p %c{1}: %m%n
execute	Kustomize Build	2026-09-26T07:57:52.2397860Z     appender.console.filter.threshold.type = ThresholdFilter
execute	Kustomize Build	2026-09-26T07:57:52.2398269Z     appender.console.filter.threshold.level = debug
execute	Kustomize Build	2026-09-26T07:57:52.2398489Z 
execute	Kustomize Build	2026-09-26T07:57:52.2398619Z     rootLogger.level = info
execute	Kustomize Build	2026-09-26T07:57:52.2398954Z     rootLogger.appenderRef.stdout.ref = console
execute	Kustomize Build	2026-09-26T07:57:52.2399166Z 
execute	Kustomize Build	2026-09-26T07:57:52.2399303Z     logger.signer.name = software.amazon.awssdk
execute	Kustomize Build	2026-09-26T07:57:52.2399616Z     logger.signer.level = debug
execute	Kustomize Build	2026-09-26T07:57:52.2399925Z     logger.wire.name = org.apache.hc.client5.wire
execute	Kustomize Build	2026-09-26T07:57:52.2400256Z     logger.wire.level = debug
execute	Kustomize Build	2026-09-26T07:57:52.2400535Z   maintenance.py: |
execute	Kustomize Build	2026-09-26T07:57:52.2400806Z     #!/usr/bin/env python3
execute	Kustomize Build	2026-09-26T07:57:52.2401170Z     """Iceberg table maintenance for the *** datalake (RustFS)."""
execute	Kustomize Build	2026-09-26T07:57:52.2401419Z 
execute	Kustomize Build	2026-09-26T07:57:52.2401657Z     import os
execute	Kustomize Build	2026-09-26T07:57:52.2401978Z     import re
execute	Kustomize Build	2026-09-26T07:57:52.2402218Z     import sys
execute	Kustomize Build	2026-09-26T07:57:52.2402468Z     import traceback
execute	Kustomize Build	2026-09-26T07:57:52.2402766Z     from datetime import datetime, timedelta, timezone
execute	Kustomize Build	2026-09-26T07:57:52.2402996Z 
execute	Kustomize Build	2026-09-26T07:57:52.2403126Z     from pyspark.sql import SparkSession
execute	Kustomize Build	2026-09-26T07:57:52.2403325Z 
execute	Kustomize Build	2026-09-26T07:57:52.2403490Z     CATALOG = os.getenv("MAINT_CATALOG_NAME", "datalake")
execute	Kustomize Build	2026-09-26T07:57:52.2403720Z 
execute	Kustomize Build	2026-09-26T07:57:52.2403915Z     DURATION_RE = re.compile(r"^\s*(\d+)\s*([dhms])\s*$", re.IGNORECASE)
execute	Kustomize Build	2026-09-26T07:57:52.2404322Z     DURATION_UNITS = {"d": 86400, "h": 3600, "m": 60, "s": 1}
execute	Kustomize Build	2026-09-26T07:57:52.2404547Z 
execute	Kustomize Build	2026-09-26T07:57:52.2404737Z     BYTES_RE = re.compile(r"^\s*(\d+)\s*([kmgt]?i?b?)\s*$", re.IGNORECASE)
execute	Kustomize Build	2026-09-26T07:57:52.2405161Z     BYTE_UNITS = {"": 1, "k": 1024, "m": 1024**2, "g": 1024**3, "t": 1024**4}
execute	Kustomize Build	2026-09-26T07:57:52.2405393Z 
execute	Kustomize Build	2026-09-26T07:57:52.2405396Z 
execute	Kustomize Build	2026-09-26T07:57:52.2405530Z     def fail(message, missing=None):
execute	Kustomize Build	2026-09-26T07:57:52.2406124Z         """Fail fast with a clear message — mirror generate-config.sh style."""
execute	Kustomize Build	2026-09-26T07:57:52.2406529Z         if missing:
execute	Kustomize Build	2026-09-26T07:57:52.2407054Z             message = f"{message}: {', '.join(missing)}"
execute	Kustomize Build	2026-09-26T07:57:52.2407475Z         print(f"❌ maintenance: {message}", file=sys.stderr)
execute	Kustomize Build	2026-09-26T07:57:52.2407949Z         sys.exit(2)
execute	Kustomize Build	2026-09-26T07:57:52.2408100Z 
execute	Kustomize Build	2026-09-26T07:57:52.2408104Z 
execute	Kustomize Build	2026-09-26T07:57:52.2408228Z     def parse_seconds(raw, default):
execute	Kustomize Build	2026-09-26T07:57:52.2408581Z         """'7d' / '72h' / '45m' / '30s' -> seconds; falls back to default."""
execute	Kustomize Build	2026-09-26T07:57:52.2408968Z         match = DURATION_RE.match(raw or "")
execute	Kustomize Build	2026-09-26T07:57:52.2409279Z         if not match:
execute	Kustomize Build	2026-09-26T07:57:52.2409546Z             return default
execute	Kustomize Build	2026-09-26T07:57:52.2409886Z         return int(match.group(1)) * DURATION_UNITS[match.group(2).lower()]
execute	Kustomize Build	2026-09-26T07:57:52.2410161Z 
execute	Kustomize Build	2026-09-26T07:57:52.2410165Z 
execute	Kustomize Build	2026-09-26T07:57:52.2410291Z     def parse_bytes(raw, default):
execute	Kustomize Build	2026-09-26T07:57:52.2410638Z         """'512MB' / '1GiB' / plain int -> bytes; falls back to default."""
execute	Kustomize Build	2026-09-26T07:57:52.2411032Z         match = BYTES_RE.match(raw or "")
execute	Kustomize Build	2026-09-26T07:57:52.2411343Z         if not match:
execute	Kustomize Build	2026-09-26T07:57:52.2411820Z             return default
execute	Kustomize Build	2026-09-26T07:57:52.2412156Z         unit = match.group(2).lower().replace("i", "").replace("b", "")
execute	Kustomize Build	2026-09-26T07:57:52.2412545Z         return int(match.group(1)) * BYTE_UNITS[unit]
execute	Kustomize Build	2026-09-26T07:57:52.2412753Z 
execute	Kustomize Build	2026-09-26T07:57:52.2412756Z 
execute	Kustomize Build	2026-09-26T07:57:52.2412879Z     def ts_literal(moment):
execute	Kustomize Build	2026-09-26T07:57:52.2413241Z         """Spark SQL TIMESTAMP literal, e.g. TIMESTAMP '2026-09-18 02:00:00'."""
execute	Kustomize Build	2026-09-26T07:57:52.2413676Z         return moment.strftime("%Y-%m-%d %H:%M:%S")
execute	Kustomize Build	2026-09-26T07:57:52.2413876Z 
execute	Kustomize Build	2026-09-26T07:57:52.2413879Z 
execute	Kustomize Build	2026-09-26T07:57:52.2414015Z     def discover_tables(spark):
execute	Kustomize Build	2026-09-26T07:57:52.2414375Z         """All tables in the catalog, fully qualified as <namespace>.<table>.
execute	Kustomize Build	2026-09-26T07:57:52.2414632Z 
execute	Kustomize Build	2026-09-26T07:57:52.2414827Z         SHOW NAMESPACES returns the 'namespace' column as a flat STRING in
execute	Execute Action	﻿2026-09-26T07:57:52.3210222Z ##[group]Run set -e
execute	Execute Action	2026-09-26T07:57:52.3211115Z ^[[36;1mset -e^[[0m
execute	Execute Action	2026-09-26T07:57:52.3211387Z ^[[36;1mTARGET="${MODULE_PATH}"^[[0m
execute	Execute Action	2026-09-26T07:57:52.3212048Z ^[[36;1mecho "Target: $TARGET  Action: $K8S_ACTION"^[[0m
execute	Execute Action	2026-09-26T07:57:52.3212429Z ^[[36;1mcase "${K8S_ACTION}" in^[[0m
execute	Execute Action	2026-09-26T07:57:52.3212707Z ^[[36;1m  apply)^[[0m
execute	Execute Action	2026-09-26T07:57:52.3212977Z ^[[36;1m    echo "▶ Applying $TARGET"^[[0m
execute	Execute Action	2026-09-26T07:57:52.3213330Z ^[[36;1m    kubectl apply -f /tmp/built.yaml^[[0m
execute	Execute Action	2026-09-26T07:57:52.3213685Z ^[[36;1m    echo "▶ Syncing duckdb with deployed rustfs"^[[0m
execute	Execute Action	2026-09-26T07:57:52.3214041Z ^[[36;1m    bash scripts/sync-duckdb-rustfs.sh^[[0m
execute	Execute Action	2026-09-26T07:57:52.3214349Z ^[[36;1m    ;;^[[0m
execute	Execute Action	2026-09-26T07:57:52.3214592Z ^[[36;1m  diff)^[[0m
execute	Execute Action	2026-09-26T07:57:52.3214890Z ^[[36;1m    echo "▶ Diff $TARGET (like terraform refresh)"^[[0m
execute	Execute Action	2026-09-26T07:57:52.3215290Z ^[[36;1m    # diff exits 1 when changes exist — don't fail job^[[0m
execute	Execute Action	2026-09-26T07:57:52.3215660Z ^[[36;1m    kubectl diff -f /tmp/built.yaml || true^[[0m
execute	Execute Action	2026-09-26T07:57:52.3216017Z ^[[36;1m    ;;^[[0m
execute	Execute Action	2026-09-26T07:57:52.3216267Z ^[[36;1m  dry-run)^[[0m
execute	Execute Action	2026-09-26T07:57:52.3216556Z ^[[36;1m    echo "▶ Dry-run client+server $TARGET"^[[0m
execute	Execute Action	2026-09-26T07:57:52.3216932Z ^[[36;1m    kubectl apply --dry-run=client -f /tmp/built.yaml^[[0m
execute	Execute Action	2026-09-26T07:57:52.3217348Z ^[[36;1m    kubectl apply --dry-run=server -f /tmp/built.yaml || true^[[0m
execute	Execute Action	2026-09-26T07:57:52.3217703Z ^[[36;1m    ;;^[[0m
execute	Execute Action	2026-09-26T07:57:52.3217953Z ^[[36;1m  delete)^[[0m
execute	Execute Action	2026-09-26T07:57:52.3218304Z ^[[36;1m    echo "▶ Deleting $TARGET (reverse order: rustfs -> duckdb -> namespace)"^[[0m
execute	Execute Action	2026-09-26T07:57:52.3218800Z ^[[36;1m    kubectl delete -f /tmp/built.yaml --ignore-not-found=true --wait=true^[[0m
execute	Execute Action	2026-09-26T07:57:52.3219177Z ^[[36;1m    ;;^[[0m
execute	Execute Action	2026-09-26T07:57:52.3219420Z ^[[36;1m  restart)^[[0m
execute	Execute Action	2026-09-26T07:57:52.3219692Z ^[[36;1m    echo "▶ Rollout restart for $TARGET"^[[0m
execute	Execute Action	2026-09-26T07:57:52.3220081Z ^[[36;1m    # Array of fully-qualified targets — each entry is passed to^[[0m
execute	Execute Action	2026-09-26T07:57:52.3220513Z ^[[36;1m    # kubectl as ONE unit ("kind/name -n ns"), unlike the previous^[[0m
execute	Execute Action	2026-09-26T07:57:52.3220952Z ^[[36;1m    # space-joined string that word-split into broken invocations.^[[0m
execute	Execute Action	2026-09-26T07:57:52.3221329Z ^[[36;1m    case "$TARGET" in^[[0m
execute	Execute Action	2026-09-26T07:57:52.3221966Z ^[[36;1m      "."|all)^[[0m
execute	Execute Action	2026-09-26T07:57:52.3222778Z ^[[36;1m        TARGETS=("deployment/duckdb -n ***" "statefulset/rustfs -n rustfs" "cronjob/iceberg-maintenance-daily -n ***" "deployment/generator-stream -n ***" "cronjob/generator-batch -n ***")^[[0m
execute	Execute Action	2026-09-26T07:57:52.3223466Z ^[[36;1m        ;;^[[0m
execute	Execute Action	2026-09-26T07:57:52.3223801Z ^[[36;1m      duckdb) TARGETS=("deployment/duckdb -n ***") ;;^[[0m
execute	Execute Action	2026-09-26T07:57:52.3224208Z ^[[36;1m      rustfs) TARGETS=("statefulset/rustfs -n rustfs") ;;^[[0m
execute	Execute Action	2026-09-26T07:57:52.3224677Z ^[[36;1m      maintenance) TARGETS=("cronjob/iceberg-maintenance-daily -n ***") ;;^[[0m
execute	Execute Action	2026-09-26T07:57:52.3225081Z ^[[36;1m      generator)^[[0m
execute	Execute Action	2026-09-26T07:57:52.3225539Z ^[[36;1m        TARGETS=("deployment/generator-stream -n ***" "cronjob/generator-batch -n ***")^[[0m
execute	Execute Action	2026-09-26T07:57:52.3225982Z ^[[36;1m        ;;^[[0m
execute	Execute Action	2026-09-26T07:57:52.3226254Z ^[[36;1m      *) TARGETS=("$TARGET") ;;^[[0m
execute	Execute Action	2026-09-26T07:57:52.3226561Z ^[[36;1m    esac^[[0m
execute	Execute Action	2026-09-26T07:57:52.3226867Z ^[[36;1m    for OBJ in "${TARGETS[@]}"; do^[[0m
execute	Execute Action	2026-09-26T07:57:52.3227203Z ^[[36;1m      echo "→ kubectl rollout restart $OBJ"^[[0m
execute	Execute Action	2026-09-26T07:57:52.3227543Z ^[[36;1m      kubectl rollout restart $OBJ^[[0m
execute	Execute Action	2026-09-26T07:57:52.3227870Z ^[[36;1m      echo "→ waiting for $OBJ"^[[0m
execute	Execute Action	2026-09-26T07:57:52.3228226Z ^[[36;1m      kubectl rollout status $OBJ --timeout=180s || true^[[0m
execute	Execute Action	2026-09-26T07:57:52.3228570Z ^[[36;1m    done^[[0m
execute	Execute Action	2026-09-26T07:57:52.3228862Z ^[[36;1m    echo "▶ Syncing duckdb with deployed rustfs"^[[0m
execute	Execute Action	2026-09-26T07:57:52.3229218Z ^[[36;1m    bash scripts/sync-duckdb-rustfs.sh^[[0m
execute	Execute Action	2026-09-26T07:57:52.3229564Z ^[[36;1m    kubectl get pods -n ***^[[0m
execute	Execute Action	2026-09-26T07:57:52.3230177Z ^[[36;1m    ;;^[[0m
execute	Execute Action	2026-09-26T07:57:52.3230619Z ^[[36;1m  logs)^[[0m
execute	Execute Action	2026-09-26T07:57:52.3244078Z ^[[36;1m    echo "▶ Dumping recent logs for $TARGET"^[[0m
execute	Execute Action	2026-09-26T07:57:52.3244785Z ^[[36;1m    case "$TARGET" in^[[0m
execute	Execute Action	2026-09-26T07:57:52.3245376Z ^[[36;1m      "."|all) TARGETS=("deployment/duckdb -n ***" "deployment/generator-stream -n ***") ;;^[[0m
execute	Execute Action	2026-09-26T07:57:52.3245924Z ^[[36;1m      duckdb) TARGETS=("deployment/duckdb -n ***") ;;^[[0m
execute	Execute Action	2026-09-26T07:57:52.3246329Z ^[[36;1m      rustfs) TARGETS=("statefulset/rustfs -n rustfs") ;;^[[0m
execute	Execute Action	2026-09-26T07:57:52.3246788Z ^[[36;1m      generator) TARGETS=("deployment/generator-stream -n ***") ;;^[[0m
execute	Execute Action	2026-09-26T07:57:52.3247255Z ^[[36;1m      # maintenance has no long-running pod — its evidence lives in^[[0m
execute	Execute Action	2026-09-26T07:57:52.3247668Z ^[[36;1m      # the cronjob status + job listings below.^[[0m
execute	Execute Action	2026-09-26T07:57:52.3248020Z ^[[36;1m      maintenance) TARGETS=() ;;^[[0m
execute	Execute Action	2026-09-26T07:57:52.3248335Z ^[[36;1m      *) TARGETS=("$TARGET") ;;^[[0m
execute	Execute Action	2026-09-26T07:57:52.3248630Z ^[[36;1m    esac^[[0m
execute	Execute Action	2026-09-26T07:57:52.3248919Z ^[[36;1m    echo "→ cronjob schedules in ***"^[[0m
execute	Execute Action	2026-09-26T07:57:52.3249282Z ^[[36;1m    kubectl get cronjobs -n *** || true^[[0m
execute	Execute Action	2026-09-26T07:57:52.3249608Z ^[[36;1m    for OBJ in "${TARGETS[@]}"; do^[[0m
execute	Execute Action	2026-09-26T07:57:52.3249929Z ^[[36;1m      echo "→ kubectl logs $OBJ --tail=400"^[[0m
execute	Execute Action	2026-09-26T07:57:52.3250330Z ^[[36;1m      kubectl logs $OBJ --tail=400 --prefix=true || true^[[0m
execute	Execute Action	2026-09-26T07:57:52.3250670Z ^[[36;1m    done^[[0m
execute	Execute Action	2026-09-26T07:57:52.3250960Z ^[[36;1m    echo "→ recent jobs in *** (last 4)"^[[0m
execute	Execute Action	2026-09-26T07:57:52.3251423Z ^[[36;1m    kubectl get jobs -n *** --sort-by=.metadata.creationTimestamp | tail -4 || true^[[0m
execute	Execute Action	2026-09-26T07:57:52.3252115Z ^[[36;1m    # newest two jobs (generator-batch / maintenance runs) with logs.^[[0m
execute	Execute Action	2026-09-26T07:57:52.3252577Z ^[[36;1m    # 'kubectl logs job/…' silently picks ONE pod — a retried job's^[[0m
execute	Execute Action	2026-09-26T07:57:52.3253051Z ^[[36;1m    # other attempt (backoffLimit: 1) keeps its traceback invisible.^[[0m
execute	Execute Action	2026-09-26T07:57:52.3253459Z ^[[36;1m    # Loop the pods of each job instead.^[[0m
execute	Execute Action	2026-09-26T07:57:52.3253975Z ^[[36;1m    for JOB in $(kubectl get jobs -n *** --sort-by=.metadata.creationTimestamp -o name | tail -2); do^[[0m
execute	Execute Action	2026-09-26T07:57:52.3254448Z ^[[36;1m      echo "→ job ${JOB}"^[[0m
execute	Execute Action	2026-09-26T07:57:52.3254789Z ^[[36;1m      kubectl get job "$JOB" -n *** -o wide || true^[[0m
execute	Execute Action	2026-09-26T07:57:52.3255415Z ^[[36;1m      for POD in $(kubectl get pods -n *** --selector="job-name=${JOB#job/}" -o name); do^[[0m
execute	Execute Action	2026-09-26T07:57:52.3255861Z ^[[36;1m        echo "→ kubectl logs $POD --tail=2000"^[[0m
execute	Execute Action	2026-09-26T07:57:52.3256278Z ^[[36;1m        kubectl logs -n *** "$POD" --tail=2000 --prefix=true || true^[[0m
execute	Execute Action	2026-09-26T07:57:52.3256645Z ^[[36;1m      done^[[0m
execute	Execute Action	2026-09-26T07:57:52.3256899Z ^[[36;1m    done^[[0m
execute	Execute Action	2026-09-26T07:57:52.3257146Z ^[[36;1m    ;;^[[0m
execute	Execute Action	2026-09-26T07:57:52.3257389Z ^[[36;1m  probe)^[[0m
execute	Execute Action	2026-09-26T07:57:52.3257669Z ^[[36;1m    echo "▶ In-cluster auth probe for $TARGET"^[[0m
execute	Execute Action	2026-09-26T07:57:52.3258007Z ^[[36;1m    case "$TARGET" in^[[0m
execute	Execute Action	2026-09-26T07:57:52.3258288Z ^[[36;1m      generator)^[[0m
execute	Execute Action	2026-09-26T07:57:52.3258578Z ^[[36;1m        echo "→ pod image digest:"^[[0m
execute	Execute Action	2026-09-26T07:57:52.3259281Z ^[[36;1m        kubectl get pods -n *** -o jsonpath='{range .items[*]}{.metadata.name}{"  "}{.spec.containers[0].image}{"  "}{.status.containerStatuses[0].imageID}{"\n"}{end}' | grep generator || true^[[0m
execute	Execute Action	2026-09-26T07:57:52.3260061Z ^[[36;1m        kubectl exec -i -n *** deploy/generator-stream -- python3 - <<'PYEOF'^[[0m
execute	Execute Action	2026-09-26T07:57:52.3260469Z ^[[36;1mimport hashlib^[[0m
execute	Execute Action	2026-09-26T07:57:52.3260751Z ^[[36;1mimport os^[[0m
execute	Execute Action	2026-09-26T07:57:52.3261013Z ^[[36;1mimport sys^[[0m
execute	Execute Action	2026-09-26T07:57:52.3261280Z ^[[36;1mimport traceback^[[0m
execute	Execute Action	2026-09-26T07:57:52.3261673Z ^[[36;1m^[[0m
execute	Execute Action	2026-09-26T07:57:52.3261986Z ^[[36;1mprint("python:", sys.version.split()[0], flush=True)^[[0m
execute	Execute Action	2026-09-26T07:57:52.3262324Z ^[[36;1m^[[0m
execute	Execute Action	2026-09-26T07:57:52.3262658Z ^[[36;1mfor f in ("/opt/generator/streaming.py", "/opt/generator/batch.py"):^[[0m
execute	Execute Action	2026-09-26T07:57:52.3263045Z ^[[36;1m    try:^[[0m
execute	Execute Action	2026-09-26T07:57:52.3263320Z ^[[36;1m        data = open(f, "rb").read()^[[0m
execute	Execute Action	2026-09-26T07:57:52.3263826Z ^[[36;1m        print(f, "sha256:", hashlib.sha256(data).hexdigest()[:16],^[[0m
execute	Execute Action	2026-09-26T07:57:52.3264210Z ^[[36;1m              "len:", len(data), flush=True)^[[0m
execute	Execute Action	2026-09-26T07:57:52.3264543Z ^[[36;1m    except Exception as e:^[[0m
execute	Execute Action	2026-09-26T07:57:52.3264860Z ^[[36;1m        print(f, "MISSING:", e, flush=True)^[[0m
execute	Execute Action	2026-09-26T07:57:52.3265166Z ^[[36;1m^[[0m
execute	Execute Action	2026-09-26T07:57:52.3265451Z ^[[36;1msrc = open("/opt/generator/streaming.py").read()^[[0m
execute	Execute Action	2026-09-26T07:57:52.3265889Z ^[[36;1mfor needle in ("rest.sigv4-enabled", "client.access-key-id", "import boto3",^[[0m
execute	Execute Action	2026-09-26T07:57:52.3266339Z ^[[36;1m               "GENERATOR_DRY_RUN", "RUSTFS_ENDPOINT_HOST"):^[[0m
execute	Execute Action	2026-09-26T07:57:52.3266786Z ^[[36;1m    print("streaming.py contains", repr(needle), ":", needle in src, flush=True)^[[0m
execute	Execute Action	2026-09-26T07:57:52.3267191Z ^[[36;1m^[[0m
execute	Execute Action	2026-09-26T07:57:52.3267479Z ^[[36;1mprint("--- env var names (values hidden) ---", flush=True)^[[0m
execute	Execute Action	2026-09-26T07:57:52.3267839Z ^[[36;1mfor k in sorted(os.environ):^[[0m
execute	Execute Action	2026-09-26T07:57:52.3268173Z ^[[36;1m    if k.startswith(("GENERATOR_", "RUSTFS_", "DUCKDB_")):^[[0m
execute	Execute Action	2026-09-26T07:57:52.3268512Z ^[[36;1m        v = os.environ[k]^[[0m
execute	Execute Action	2026-09-26T07:57:52.3268829Z ^[[36;1m        print("  ", k, "set, len", len(v), flush=True)^[[0m
execute	Execute Action	2026-09-26T07:57:52.3269144Z ^[[36;1m^[[0m
execute	Execute Action	2026-09-26T07:57:52.3269483Z ^[[36;1mprint("--- real load_iceberg_catalog from the running script ---", flush=True)^[[0m
execute	Execute Action	2026-09-26T07:57:52.3269913Z ^[[36;1msys.path.insert(0, "/opt/generator")^[[0m
execute	Execute Action	2026-09-26T07:57:52.3270248Z ^[[36;1mimport streaming  # noqa: E402^[[0m
execute	Execute Action	2026-09-26T07:57:52.3270539Z ^[[36;1m^[[0m
execute	Execute Action	2026-09-26T07:57:52.3270771Z ^[[36;1mtry:^[[0m
execute	Execute Action	2026-09-26T07:57:52.3271044Z ^[[36;1m    cat = streaming.load_iceberg_catalog()^[[0m
execute	Execute Action	2026-09-26T07:57:52.3271426Z ^[[36;1m    print("catalog loaded OK:", type(cat).__name__, flush=True)^[[0m
execute	Execute Action	2026-09-26T07:57:52.3271971Z ^[[36;1mexcept Exception:^[[0m
execute	Execute Action	2026-09-26T07:57:52.3272266Z ^[[36;1m    traceback.print_exc()^[[0m
execute	Execute Action	2026-09-26T07:57:52.3272565Z ^[[36;1m    sys.stdout.flush()^[[0m
execute	Execute Action	2026-09-26T07:57:52.3272846Z ^[[36;1m^[[0m
execute	Execute Action	2026-09-26T07:57:52.3273185Z ^[[36;1mprint("--- catalog_properties dict (secrets redacted) ---", flush=True)^[[0m
execute	Execute Action	2026-09-26T07:57:52.3273569Z ^[[36;1mtry:^[[0m
execute	Execute Action	2026-09-26T07:57:52.3273985Z ^[[36;1m    props = streaming.catalog_properties()^[[0m
execute	Execute Action	2026-09-26T07:57:52.3274312Z ^[[36;1m    safe = {}^[[0m
execute	Execute Action	2026-09-26T07:57:52.3274588Z ^[[36;1m    for k, v in props.items():^[[0m
execute	Execute Action	2026-09-26T07:57:52.3275018Z ^[[36;1m        safe[k] = v if not any(s in k for s in ("access-key", "secret-access")) else "<len %d>" % len(v)^[[0m
execute	Execute Action	2026-09-26T07:57:52.3275456Z ^[[36;1m    print(safe, flush=True)^[[0m
execute	Execute Action	2026-09-26T07:57:52.3275760Z ^[[36;1mexcept Exception:^[[0m
execute	Execute Action	2026-09-26T07:57:52.3276048Z ^[[36;1m    traceback.print_exc()^[[0m
execute	Execute Action	2026-09-26T07:57:52.3276330Z ^[[36;1mPYEOF^[[0m
execute	Execute Action	2026-09-26T07:57:52.3276584Z ^[[36;1m        ;;^[[0m
execute	Execute Action	2026-09-26T07:57:52.3276901Z ^[[36;1m      *) echo "❌ probe not supported for $TARGET" && exit 1 ;;^[[0m
execute	Execute Action	2026-09-26T07:57:52.3277257Z ^[[36;1m    esac^[[0m
execute	Execute Action	2026-09-26T07:57:52.3277510Z ^[[36;1m    ;;^[[0m
execute	Execute Action	2026-09-26T07:57:52.3277779Z ^[[36;1m  sigprobe)^[[0m
execute	Execute Action	2026-09-26T07:57:52.3278114Z ^[[36;1m    # Replays the exact REST requests the Spark maintenance job^[[0m
execute	Execute Action	2026-09-26T07:57:52.3278542Z ^[[36;1m    # makes, signed with botocore SigV4 from inside the cluster^[[0m
execute	Execute Action	2026-09-26T07:57:52.3278974Z ^[[36;1m    # (via the generator pod, which has boto3). Isolates whether^[[0m
execute	Execute Action	2026-09-26T07:57:52.3279401Z ^[[36;1m    # RustFS SignatureDoesNotMatch is path-dependent or^[[0m
execute	Execute Action	2026-09-26T07:57:52.3279808Z ^[[36;1m    # header-dependent by varying one factor at a time.^[[0m
execute	Execute Action	2026-09-26T07:57:52.3280177Z ^[[36;1m    echo "▶ SigV4 replay probe for $TARGET"^[[0m
execute	Execute Action	2026-09-26T07:57:52.3280508Z ^[[36;1m    case "$TARGET" in^[[0m
execute	Execute Action	2026-09-26T07:57:52.3280796Z ^[[36;1m      maintenance)^[[0m
execute	Execute Action	2026-09-26T07:57:52.3281212Z ^[[36;1m        kubectl exec -i -n *** deploy/generator-stream -- python3 - <<'PYEOF'^[[0m
execute	Execute Action	2026-09-26T07:57:52.3281765Z ^[[36;1mimport os^[[0m
execute	Execute Action	2026-09-26T07:57:52.3282036Z ^[[36;1mimport urllib.error^[[0m
execute	Execute Action	2026-09-26T07:57:52.3282330Z ^[[36;1mimport urllib.request^[[0m
execute	Execute Action	2026-09-26T07:57:52.3282777Z ^[[36;1m^[[0m
execute	Execute Action	2026-09-26T07:57:52.3283053Z ^[[36;1mfrom botocore.auth import S3SigV4Auth^[[0m
execute	Execute Action	2026-09-26T07:57:52.3283413Z ^[[36;1mfrom botocore.awsrequest import AWSRequest^[[0m
execute	Execute Action	2026-09-26T07:57:52.3283806Z ^[[36;1mfrom botocore.credentials import Credentials^[[0m
execute	Execute Action	2026-09-26T07:57:52.3284128Z ^[[36;1m^[[0m
execute	Execute Action	2026-09-26T07:57:52.3284482Z ^[[36;1mbase = "http://rustfs-svc.rustfs.svc.cluster.local:9000"^[[0m
execute	Execute Action	2026-09-26T07:57:52.3284988Z ^[[36;1mcreds = Credentials(os.environ["RUSTFS_ACCESS_KEY"], os.environ["RUSTFS_SECRET_KEY"])^[[0m
execute	Execute Action	2026-09-26T07:57:52.3285401Z ^[[36;1m^[[0m
execute	Execute Action	2026-09-26T07:57:52.3285718Z ^[[36;1m# Header sets: botocore-minimal vs Java-client-shaped (Iceberg^[[0m
execute	Execute Action	2026-09-26T07:57:52.3286146Z ^[[36;1m# HTTPClient adds these base headers to every request).^[[0m
execute	Execute Action	2026-09-26T07:57:52.3286501Z ^[[36;1mjava_headers = {^[[0m
execute	Execute Action	2026-09-26T07:57:52.3286795Z ^[[36;1m    "Accept": "application/json",^[[0m
execute	Execute Action	2026-09-26T07:57:52.3287132Z ^[[36;1m    "Content-Type": "application/json",^[[0m
execute	Execute Action	2026-09-26T07:57:52.3287482Z ^[[36;1m    "X-Iceberg-Client-Version": "1.11.0",^[[0m
execute	Execute Action	2026-09-26T07:57:52.3287852Z ^[[36;1m    "X-Iceberg-Client-Git-Commit-Short": "deadbee",^[[0m
execute	Execute Action	2026-09-26T07:57:52.3288226Z ^[[36;1m    "User-Agent": "aws-sdk-java/1.11.0",^[[0m
execute	Execute Action	2026-09-26T07:57:52.3288533Z ^[[36;1m}^[[0m
execute	Execute Action	2026-09-26T07:57:52.3288765Z ^[[36;1m^[[0m
execute	Execute Action	2026-09-26T07:57:52.3289009Z ^[[36;1mrequests_matrix = [^[[0m
execute	Execute Action	2026-09-26T07:57:52.3289431Z ^[[36;1m    ("list-namespaces, minimal headers", "/iceberg/v1/datalake/namespaces?pageToken=", None),^[[0m
execute	Execute Action	2026-09-26T07:57:52.3290022Z ^[[36;1m    ("list-namespaces, java headers", "/iceberg/v1/datalake/namespaces?pageToken=", java_headers),^[[0m
execute	Execute Action	2026-09-26T07:57:52.3290647Z ^[[36;1m    ("list-tables, minimal headers", "/iceberg/v1/datalake/namespaces/events/tables?pageToken=", None),^[[0m
execute	Execute Action	2026-09-26T07:57:52.3291295Z ^[[36;1m    ("list-tables, java headers", "/iceberg/v1/datalake/namespaces/events/tables?pageToken=", java_headers),^[[0m
execute	Execute Action	2026-09-26T07:57:52.3292061Z ^[[36;1m    ("list-tables, no query", "/iceberg/v1/datalake/namespaces/events/tables", None),^[[0m
execute	Execute Action	2026-09-26T07:57:52.3292598Z ^[[36;1m    ("get-config, java headers", "/iceberg/v1/config?warehouse=datalake", java_headers),^[[0m
execute	Execute Action	2026-09-26T07:57:52.3293327Z ^[[36;1m    ("load-table, java headers", "/iceberg/v1/datalake/namespaces/events/tables/wikipedia_edits", java_headers),^[[0m
execute	Execute Action	2026-09-26T07:57:52.3293798Z ^[[36;1m]^[[0m
execute	Execute Action	2026-09-26T07:57:52.3294018Z ^[[36;1m^[[0m
execute	Execute Action	2026-09-26T07:57:52.3294279Z ^[[36;1mfor label, path, extra in requests_matrix:^[[0m
execute	Execute Action	2026-09-26T07:57:52.3294602Z ^[[36;1m    url = base + path^[[0m
execute	Execute Action	2026-09-26T07:57:52.3294974Z ^[[36;1m    req = AWSRequest(method="GET", url=url, headers=dict(extra or {}), data=b"")^[[0m
execute	Execute Action	2026-09-26T07:57:52.3295404Z ^[[36;1m    S3SigV4Auth(creds, "s3", "us-east-1").add_auth(req)^[[0m
execute	Execute Action	2026-09-26T07:57:52.3295804Z ^[[36;1m    sent_headers = {k.lower(): v for k, v in req.headers.items()}^[[0m
execute	Execute Action	2026-09-26T07:57:52.3296203Z ^[[36;1m    signed = sent_headers.get("authorization", "")^[[0m
execute	Execute Action	2026-09-26T07:57:52.3296539Z ^[[36;1m    signed_headers_list = ""^[[0m
execute	Execute Action	2026-09-26T07:57:52.3296842Z ^[[36;1m    for part in signed.split(","):^[[0m
execute	Execute Action	2026-09-26T07:57:52.3297153Z ^[[36;1m        part = part.strip()^[[0m
execute	Execute Action	2026-09-26T07:57:52.3297473Z ^[[36;1m        if part.startswith("SignedHeaders="):^[[0m
execute	Execute Action	2026-09-26T07:57:52.3297843Z ^[[36;1m            signed_headers_list = part[len("SignedHeaders="):]^[[0m
execute	Execute Action	2026-09-26T07:57:52.3298187Z ^[[36;1m    try:^[[0m
execute	Execute Action	2026-09-26T07:57:52.3298496Z ^[[36;1m        r = urllib.request.Request(url, headers=sent_headers)^[[0m
execute	Execute Action	2026-09-26T07:57:52.3298892Z ^[[36;1m        with urllib.request.urlopen(r, timeout=30) as resp:^[[0m
execute	Execute Action	2026-09-26T07:57:52.3299342Z ^[[36;1m            print(f"[{label}] HTTP {resp.status} signed={signed_headers_list}", flush=True)^[[0m
execute	Execute Action	2026-09-26T07:57:52.3299781Z ^[[36;1m            print("   body:", resp.read(160), flush=True)^[[0m
execute	Execute Action	2026-09-26T07:57:52.3300129Z ^[[36;1m    except urllib.error.HTTPError as e:^[[0m
execute	Execute Action	2026-09-26T07:57:52.3300527Z ^[[36;1m        print(f"[{label}] HTTP {e.code} signed={signed_headers_list}", flush=True)^[[0m
execute	Execute Action	2026-09-26T07:57:52.3301060Z ^[[36;1m        print("   body:", e.read(300), flush=True)^[[0m
execute	Execute Action	2026-09-26T07:57:52.3301382Z ^[[36;1m    except Exception as e:^[[0m
execute	Execute Action	2026-09-26T07:57:52.3301856Z ^[[36;1m        print(f"[{label}] ERROR {e}", flush=True)^[[0m
execute	Execute Action	2026-09-26T07:57:52.3302174Z ^[[36;1mPYEOF^[[0m
execute	Execute Action	2026-09-26T07:57:52.3302415Z ^[[36;1m        ;;^[[0m
execute	Execute Action	2026-09-26T07:57:52.3302749Z ^[[36;1m      *) echo "❌ sigprobe not supported for $TARGET" && exit 1 ;;^[[0m
execute	Execute Action	2026-09-26T07:57:52.3303102Z ^[[36;1m    esac^[[0m
execute	Execute Action	2026-09-26T07:57:52.3303347Z ^[[36;1m    ;;^[[0m
execute	Execute Action	2026-09-26T07:57:52.3303586Z ^[[36;1m  trigger)^[[0m
execute	Execute Action	2026-09-26T07:57:52.3303914Z ^[[36;1m    # Fire a CronJob once, right now — verification without waiting^[[0m
execute	Execute Action	2026-09-26T07:57:52.3304337Z ^[[36;1m    # for the schedule (e.g. maintenance-daily at 02:00 UTC).^[[0m
execute	Execute Action	2026-09-26T07:57:52.3304692Z ^[[36;1m    echo "▶ Triggering $TARGET"^[[0m
execute	Execute Action	2026-09-26T07:57:52.3304987Z ^[[36;1m    case "$TARGET" in^[[0m
execute	Execute Action	2026-09-26T07:57:52.3305378Z ^[[36;1m      maintenance) CRON="cronjob/iceberg-maintenance-daily -n ***" ;;^[[0m
execute	Execute Action	2026-09-26T07:57:52.3305867Z ^[[36;1m      generator-batch) CRON="cronjob/generator-batch -n ***" ;;^[[0m
execute	Execute Action	2026-09-26T07:57:52.3306292Z ^[[36;1m      *) echo "❌ trigger not supported for $TARGET" && exit 1 ;;^[[0m
execute	Execute Action	2026-09-26T07:57:52.3306655Z ^[[36;1m    esac^[[0m
execute	Execute Action	2026-09-26T07:57:52.3306931Z ^[[36;1m    STAMP=$(date -u +%Y%m%d-%H%M%S)^[[0m
execute	Execute Action	2026-09-26T07:57:52.3307251Z ^[[36;1m    JOB="manual-$TARGET-$STAMP"^[[0m
execute	Execute Action	2026-09-26T07:57:52.3307599Z ^[[36;1m    kubectl create job --from=$CRON "$JOB" -n ***^[[0m
execute	Execute Action	2026-09-26T07:57:52.3307962Z ^[[36;1m    echo "→ created job $JOB; watching it (max 15m)"^[[0m
execute	Execute Action	2026-09-26T07:57:52.3308270Z ^[[36;1m^[[0m
execute	Execute Action	2026-09-26T07:57:52.3308572Z ^[[36;1m    # Poll in short slices: 'kubectl wait --for=condition=complete'^[[0m
execute	Execute Action	2026-09-26T07:57:52.3308991Z ^[[36;1m    # ignores FAILED jobs and used to block the full 480s even^[[0m
execute	Execute Action	2026-09-26T07:57:52.3309386Z ^[[36;1m    # though the pod died in the first 30s. 'failed' is a real^[[0m
execute	Execute Action	2026-09-26T07:57:52.3309793Z ^[[36;1m    # Job condition, so both outcomes break the loop immediately.^[[0m
execute	Execute Action	2026-09-26T07:57:52.3310158Z ^[[36;1m    DEADLINE=$(( $(date +%s) + 900 ))^[[0m
execute	Execute Action	2026-09-26T07:57:52.3310453Z ^[[36;1m    JOB_OK=""^[[0m
execute	Execute Action	2026-09-26T07:57:52.3310872Z ^[[36;1m    while [ "$(date +%s)" -lt "$DEADLINE" ]; do^[[0m
execute	Execute Action	2026-09-26T07:57:52.3311371Z ^[[36;1m      if kubectl wait --for=condition=complete --timeout=10s "job/$JOB" -n *** >/dev/null 2>&1; then^[[0m
execute	Execute Action	2026-09-26T07:57:52.3312001Z ^[[36;1m        JOB_OK=1^[[0m
execute	Execute Action	2026-09-26T07:57:52.3312264Z ^[[36;1m        break^[[0m
execute	Execute Action	2026-09-26T07:57:52.3312505Z ^[[36;1m      fi^[[0m
execute	Execute Action	2026-09-26T07:57:52.3312902Z ^[[36;1m      if kubectl wait --for=condition=failed --timeout=1s "job/$JOB" -n *** >/dev/null 2>&1; then^[[0m
execute	Execute Action	2026-09-26T07:57:52.3313318Z ^[[36;1m        break^[[0m
execute	Execute Action	2026-09-26T07:57:52.3313561Z ^[[36;1m      fi^[[0m
execute	Execute Action	2026-09-26T07:57:52.3313777Z ^[[36;1m    done^[[0m
execute	Execute Action	2026-09-26T07:57:52.3313989Z ^[[36;1m^[[0m
execute	Execute Action	2026-09-26T07:57:52.3314271Z ^[[36;1m    # Evidence: status + logs of EVERY pod of the job (both^[[0m
execute	Execute Action	2026-09-26T07:57:52.3314698Z ^[[36;1m    # attempts; 'kubectl logs job/…' reads only the newest pod,^[[0m
execute	Execute Action	2026-09-26T07:57:52.3315129Z ^[[36;1m    # and a short tail hides the top of tracebacks — the part^[[0m
execute	Execute Action	2026-09-26T07:57:52.3315533Z ^[[36;1m    # with the actual error message).^[[0m
execute	Execute Action	2026-09-26T07:57:52.3315861Z ^[[36;1m    echo "→ job/$JOB status:"^[[0m
execute	Execute Action	2026-09-26T07:57:52.3316230Z ^[[36;1m    kubectl get job "$JOB" -n *** -o wide || true^[[0m
execute	Execute Action	2026-09-26T07:57:52.3316677Z ^[[36;1m    kubectl get pods -n *** --selector="job-name=$JOB" -o wide || true^[[0m
execute	Execute Action	2026-09-26T07:57:52.3317193Z ^[[36;1m    for POD in $(kubectl get pods -n *** --selector="job-name=$JOB" -o name); do^[[0m
execute	Execute Action	2026-09-26T07:57:52.3317626Z ^[[36;1m      echo "→ kubectl logs $POD --tail=2000"^[[0m
execute	Execute Action	2026-09-26T07:57:52.3318041Z ^[[36;1m      kubectl logs -n *** "$POD" --tail=2000 --prefix=true || true^[[0m
execute	Execute Action	2026-09-26T07:57:52.3318395Z ^[[36;1m    done^[[0m
execute	Execute Action	2026-09-26T07:57:52.3318629Z ^[[36;1m^[[0m
execute	Execute Action	2026-09-26T07:57:52.3318871Z ^[[36;1m    if [ -z "$JOB_OK" ]; then^[[0m
execute	Execute Action	2026-09-26T07:57:52.3319328Z ^[[36;1m      echo "❌ $JOB did not complete successfully"^[[0m
execute	Execute Action	2026-09-26T07:57:52.3319660Z ^[[36;1m      exit 1^[[0m
execute	Execute Action	2026-09-26T07:57:52.3319917Z ^[[36;1m    fi^[[0m
execute	Execute Action	2026-09-26T07:57:52.3320196Z ^[[36;1m    echo "✅ $JOB completed"^[[0m
execute	Execute Action	2026-09-26T07:57:52.3320482Z ^[[36;1m    ;;^[[0m
execute	Execute Action	2026-09-26T07:57:52.3320721Z ^[[36;1mesac^[[0m
execute	Execute Action	2026-09-26T07:57:52.3375644Z shell: /usr/bin/bash -e {0}
execute	Execute Action	2026-09-26T07:57:52.3375937Z env:
execute	Execute Action	2026-09-26T07:57:52.3376197Z   MODULE_PATH: maintenance
execute	Execute Action	2026-09-26T07:57:52.3376482Z   K8S_ACTION: trigger
execute	Execute Action	2026-09-26T07:57:52.3376794Z   RUSTFS_ACCESS_KEY: ***
execute	Execute Action	2026-09-26T07:57:52.3377076Z   RUSTFS_SECRET_KEY: ***
execute	Execute Action	2026-09-26T07:57:52.3377339Z   DUCKFLIGHT_USER: ***
execute	Execute Action	2026-09-26T07:57:52.3377626Z   DUCKFLIGHT_PASSWORD: ***
execute	Execute Action	2026-09-26T07:57:52.3377917Z   KUBECONFIG: /home/runner/.kube/config
execute	Execute Action	2026-09-26T07:57:52.3378213Z ##[endgroup]
execute	Execute Action	2026-09-26T07:57:52.3447222Z Target: maintenance  Action: trigger
execute	Execute Action	2026-09-26T07:57:52.3449877Z ▶ Triggering maintenance
execute	Execute Action	2026-09-26T07:57:54.6898183Z job.batch/manual-maintenance-20260926-075752 created
execute	Execute Action	2026-09-26T07:57:54.6906069Z → created job manual-maintenance-20260926-075752; watching it (max 15m)
execute	Execute Action	2026-09-26T08:13:39.0680449Z → job/manual-maintenance-20260926-075752 status:
execute	Execute Action	2026-09-26T08:14:09.1017009Z Unable to connect to the server: dial tcp 100.67.79.243:6443: i/o timeout
execute	Execute Action	2026-09-26T08:14:39.1354250Z Unable to connect to the server: dial tcp 100.67.79.243:6443: i/o timeout
execute	Execute Action	2026-09-26T08:15:09.1710795Z Unable to connect to the server: dial tcp 100.67.79.243:6443: i/o timeout
execute	Execute Action	2026-09-26T08:15:09.1717611Z ❌ manual-maintenance-20260926-075752 did not complete successfully
execute	Execute Action	2026-09-26T08:15:09.1731465Z ##[error]Process completed with exit code 1.
execute	Post Setup Tailscale	﻿2026-09-26T08:15:09.1815338Z Post job cleanup.
execute	Post Setup Tailscale	2026-09-26T08:15:09.2326371Z ##[group]Cleaning up Tailscale
execute	Post Setup Tailscale	2026-09-26T08:15:09.2327676Z 🔄 Logging out of Tailscale...
execute	Post Setup Tailscale	2026-09-26T08:15:09.2452950Z Running: sudo -E tailscale logout
execute	Post Setup Tailscale	2026-09-26T08:15:09.4761024Z ✅ Successfully logged out of Tailscale
execute	Post Setup Tailscale	2026-09-26T08:15:09.4761444Z Stopping tailscale
execute	Post Setup Tailscale	2026-09-26T08:15:09.5737237Z ✅ Stopped tailscale
execute	Post Setup Tailscale	2026-09-26T08:15:09.5738045Z ##[endgroup]
execute	Post Run actions/checkout@v4	﻿2026-09-26T08:15:09.5866874Z Post job cleanup.
execute	Post Run actions/checkout@v4	2026-09-26T08:15:09.6590745Z [command]/usr/bin/git version
execute	Post Run actions/checkout@v4	2026-09-26T08:15:09.6631974Z git version 2.55.0
execute	Post Run actions/checkout@v4	2026-09-26T08:15:09.6663241Z Temporarily overriding HOME='/home/runner/work/_temp/4265ec96-73be-46fe-b992-683aee486c4f' before making global git config changes
execute	Post Run actions/checkout@v4	2026-09-26T08:15:09.6664468Z Adding repository directory to the temporary git global config as a safe directory
execute	Post Run actions/checkout@v4	2026-09-26T08:15:09.6669257Z [command]/usr/bin/git config --global --add safe.directory /home/runner/work/***/***
execute	Post Run actions/checkout@v4	2026-09-26T08:15:09.6710318Z [command]/usr/bin/git config --local --name-only --get-regexp core\.sshCommand
execute	Post Run actions/checkout@v4	2026-09-26T08:15:09.6746811Z [command]/usr/bin/git submodule foreach --recursive sh -c "git config --local --name-only --get-regexp 'core\.sshCommand' && git config --local --unset-all 'core.sshCommand' || :"
execute	Post Run actions/checkout@v4	2026-09-26T08:15:09.6984213Z [command]/usr/bin/git config --local --name-only --get-regexp http\.https\:\/\/github\.com\/\.extraheader
execute	Post Run actions/checkout@v4	2026-09-26T08:15:09.7003813Z http.https://github.com/.extraheader
execute	Post Run actions/checkout@v4	2026-09-26T08:15:09.7013950Z [command]/usr/bin/git config --local --unset-all http.https://github.com/.extraheader
execute	Post Run actions/checkout@v4	2026-09-26T08:15:09.7046708Z [command]/usr/bin/git submodule foreach --recursive sh -c "git config --local --name-only --get-regexp 'http\.https\:\/\/github\.com\/\.extraheader' && git config --local --unset-all 'http.https://github.com/.extraheader' || :"
execute	Post Run actions/checkout@v4	2026-09-26T08:15:09.7271885Z [command]/usr/bin/git config --local --name-only --get-regexp ^includeIf\.gitdir:
execute	Post Run actions/checkout@v4	2026-09-26T08:15:09.7306671Z [command]/usr/bin/git submodule foreach --recursive git config --local --show-origin --name-only --get-regexp remote.origin.url
execute	Complete job	﻿2026-09-26T08:15:09.7639998Z Cleaning up orphan processes
execute	Complete job	2026-09-26T08:15:09.7900275Z ##[warning]Node.js 20 is deprecated. The following actions target Node.js 20 but are being forced to run on Node.js 24: actions/checkout@v4, azure/setup-helm@v4, azure/setup-kubectl@v4. For more information see: https://github.blog/changelog/2025-09-19-deprecation-of-node-20-on-github-actions-runners/
